[debug] [2024-11-17T19:11:19.183Z] ----------------------------------------------------------------------
[debug] [2024-11-17T19:11:19.187Z] Command:       C:\Program Files\nodejs\node.exe C:\Users\emanu\AppData\Roaming\npm\node_modules\firebase-tools\lib\bin\firebase.js functions:config:set email.userEntity=tecniapp@outlook.com email.pass=ArasoftSolutions
[debug] [2024-11-17T19:11:19.188Z] CLI Version:   13.25.0
[debug] [2024-11-17T19:11:19.188Z] Platform:      win32
[debug] [2024-11-17T19:11:19.189Z] Node Version:  v18.20.5
[debug] [2024-11-17T19:11:19.190Z] Time:          Sun Nov 17 2024 13:11:19 GMT-0600 (hora estándar central)
[debug] [2024-11-17T19:11:19.191Z] ----------------------------------------------------------------------
[debug] 
[debug] [2024-11-17T19:11:19.316Z] Object "" in "firebase.json" has unknown property: {"additionalProperty":"email-functions"}
[debug] [2024-11-17T19:11:19.325Z] > command requires scopes: ["email","openid","https://www.googleapis.com/auth/cloudplatformprojects.readonly","https://www.googleapis.com/auth/firebase","https://www.googleapis.com/auth/cloud-platform"]
[debug] [2024-11-17T19:11:19.326Z] > authorizing via signed-in userEntity (emanueljab@gmail.com)
[debug] [2024-11-17T19:11:19.326Z] [iam] checking project tecniapp-ice for permissions ["firebase.projects.get","runtimeconfig.configs.create","runtimeconfig.configs.delete","runtimeconfig.configs.get","runtimeconfig.configs.list","runtimeconfig.configs.update","runtimeconfig.variables.create","runtimeconfig.variables.delete","runtimeconfig.variables.get","runtimeconfig.variables.list","runtimeconfig.variables.update"]
[debug] [2024-11-17T19:11:19.329Z] Checked if tokens are valid: true, expires at: 1731871621730
[debug] [2024-11-17T19:11:19.329Z] Checked if tokens are valid: true, expires at: 1731871621730
[debug] [2024-11-17T19:11:19.331Z] >>> [apiv2][query] POST https://cloudresourcemanager.googleapis.com/v1/projects/tecniapp-ice:testIamPermissions [none]
[debug] [2024-11-17T19:11:19.332Z] >>> [apiv2][(partial)header] POST https://cloudresourcemanager.googleapis.com/v1/projects/tecniapp-ice:testIamPermissions x-goog-quota-userEntity=projects/tecniapp-ice
[debug] [2024-11-17T19:11:19.332Z] >>> [apiv2][body] POST https://cloudresourcemanager.googleapis.com/v1/projects/tecniapp-ice:testIamPermissions {"permissions":["firebase.projects.get","runtimeconfig.configs.create","runtimeconfig.configs.delete","runtimeconfig.configs.get","runtimeconfig.configs.list","runtimeconfig.configs.update","runtimeconfig.variables.create","runtimeconfig.variables.delete","runtimeconfig.variables.get","runtimeconfig.variables.list","runtimeconfig.variables.update"]}
[debug] [2024-11-17T19:11:19.722Z] <<< [apiv2][status] POST https://cloudresourcemanager.googleapis.com/v1/projects/tecniapp-ice:testIamPermissions 200
[debug] [2024-11-17T19:11:19.723Z] <<< [apiv2][body] POST https://cloudresourcemanager.googleapis.com/v1/projects/tecniapp-ice:testIamPermissions {"permissions":["firebase.projects.get","runtimeconfig.configs.create","runtimeconfig.configs.delete","runtimeconfig.configs.get","runtimeconfig.configs.list","runtimeconfig.configs.update","runtimeconfig.variables.create","runtimeconfig.variables.delete","runtimeconfig.variables.get","runtimeconfig.variables.list","runtimeconfig.variables.update"]}
[debug] [2024-11-17T19:11:19.724Z] Checked if tokens are valid: true, expires at: 1731871621730
[debug] [2024-11-17T19:11:19.724Z] Checked if tokens are valid: true, expires at: 1731871621730
[debug] [2024-11-17T19:11:19.724Z] >>> [apiv2][query] GET https://serviceusage.googleapis.com/v1/projects/tecniapp-ice/services/runtimeconfig.googleapis.com [none]
[debug] [2024-11-17T19:11:19.724Z] >>> [apiv2][(partial)header] GET https://serviceusage.googleapis.com/v1/projects/tecniapp-ice/services/runtimeconfig.googleapis.com x-goog-quota-userEntity=projects/tecniapp-ice
[debug] [2024-11-17T19:11:20.186Z] <<< [apiv2][status] GET https://serviceusage.googleapis.com/v1/projects/tecniapp-ice/services/runtimeconfig.googleapis.com 200
[debug] [2024-11-17T19:11:20.186Z] <<< [apiv2][body] GET https://serviceusage.googleapis.com/v1/projects/tecniapp-ice/services/runtimeconfig.googleapis.com [omitted]
[debug] [2024-11-17T19:11:20.188Z] Checked if tokens are valid: true, expires at: 1731871621730
[debug] [2024-11-17T19:11:20.188Z] Checked if tokens are valid: true, expires at: 1731871621730
[debug] [2024-11-17T19:11:20.189Z] Checked if tokens are valid: true, expires at: 1731871621730
[debug] [2024-11-17T19:11:20.189Z] Checked if tokens are valid: true, expires at: 1731871621730
[debug] [2024-11-17T19:11:20.189Z] >>> [apiv2][query] GET https://runtimeconfig.googleapis.com/v1beta1/projects/tecniapp-ice/configs/email/variables/userEntity [none]
[debug] [2024-11-17T19:11:20.193Z] >>> [apiv2][query] GET https://runtimeconfig.googleapis.com/v1beta1/projects/tecniapp-ice/configs/email/variables/pass [none]
[debug] [2024-11-17T19:11:20.624Z] <<< [apiv2][status] GET https://runtimeconfig.googleapis.com/v1beta1/projects/tecniapp-ice/configs/email/variables/pass 500
[debug] [2024-11-17T19:11:20.624Z] <<< [apiv2][body] GET https://runtimeconfig.googleapis.com/v1beta1/projects/tecniapp-ice/configs/email/variables/pass {"error":{"code":500,"message":"Internal error encountered.","status":"INTERNAL"}}
[debug] [2024-11-17T19:11:20.636Z] <<< [apiv2][status] GET https://runtimeconfig.googleapis.com/v1beta1/projects/tecniapp-ice/configs/email/variables/userEntity 500
[debug] [2024-11-17T19:11:20.636Z] <<< [apiv2][body] GET https://runtimeconfig.googleapis.com/v1beta1/projects/tecniapp-ice/configs/email/variables/userEntity {"error":{"code":500,"message":"Internal error encountered.","status":"INTERNAL"}}
[debug] [2024-11-17T19:11:21.626Z] *** [apiv2] Attempting the request again. Attempt number 2
[debug] [2024-11-17T19:11:21.626Z] >>> [apiv2][query] GET https://runtimeconfig.googleapis.com/v1beta1/projects/tecniapp-ice/configs/email/variables/pass [none]
[debug] [2024-11-17T19:11:21.641Z] *** [apiv2] Attempting the request again. Attempt number 2
[debug] [2024-11-17T19:11:21.642Z] >>> [apiv2][query] GET https://runtimeconfig.googleapis.com/v1beta1/projects/tecniapp-ice/configs/email/variables/userEntity [none]
[debug] [2024-11-17T19:11:21.984Z] <<< [apiv2][status] GET https://runtimeconfig.googleapis.com/v1beta1/projects/tecniapp-ice/configs/email/variables/pass 500
[debug] [2024-11-17T19:11:21.984Z] <<< [apiv2][body] GET https://runtimeconfig.googleapis.com/v1beta1/projects/tecniapp-ice/configs/email/variables/pass {"error":{"code":500,"message":"Internal error encountered.","status":"INTERNAL"}}
[debug] [2024-11-17T19:11:22.008Z] <<< [apiv2][status] GET https://runtimeconfig.googleapis.com/v1beta1/projects/tecniapp-ice/configs/email/variables/userEntity 500
[debug] [2024-11-17T19:11:22.008Z] <<< [apiv2][body] GET https://runtimeconfig.googleapis.com/v1beta1/projects/tecniapp-ice/configs/email/variables/userEntity {"error":{"code":500,"message":"Internal error encountered.","status":"INTERNAL"}}
[error] 
[error] Error: Request to https://runtimeconfig.googleapis.com/v1beta1/projects/tecniapp-ice/configs/email/variables/pass had HTTP Error: 500, Internal error encountered.
[debug] [2024-11-17T19:11:22.187Z] Error Context: {
  "body": {
    "error": {
      "code": 500,
      "message": "Internal error encountered.",
      "status": "INTERNAL"
    }
  },
  "response": {
    "statusCode": 500
  }
}
